// Jest Snapshot v1, https://goo.gl/fbAQLP

exports[`<Header /> Renders without crashing 1`] = `
<Header
  brand={<img />}
/>
`;
