// Jest Snapshot v1, https://goo.gl/fbAQLP

exports[`<Logo /> renders the <Logo> component without crashing 1`] = `
<img
  height={50}
  src="any-image.svg"
  width={100}
/>
`;
